2026-09-05 11:40:12 [INFO] __main__: ═══ 开始采集任务 2026-06-01 → 2026-06-30 ═══
2026-09-05 11:40:12 [INFO] crawler.spider: 开始抓取比赛数据 2026-06-01 → 2026-06-30
2026-09-05 11:40:13 [INFO] crawler.spider: 总页数: 6，第 1 页数据: 30 条
2026-09-05 11:40:13 [INFO] crawler.spider: 正在抓取第 2 / 6 页...
2026-09-05 11:40:14 [INFO] crawler.spider: 正在抓取第 3 / 6 页...
2026-09-05 11:40:16 [INFO] crawler.spider: 正在抓取第 4 / 6 页...
2026-09-05 11:40:17 [INFO] crawler.spider: 正在抓取第 5 / 6 页...
2026-09-05 11:40:19 [INFO] crawler.spider: 正在抓取第 6 / 6 页...
2026-09-05 11:40:21 [INFO] crawler.spider: 全部页抓取完成，共 154 条原始记录
2026-09-05 11:40:21 [INFO] crawler.spider: 全部解析成功，共 154 条
2026-09-05 11:40:21 [INFO] __main__: Step 1 完成：抓取 154 条记录
2026-09-05 11:40:21 [INFO] crawler.storage: ✅ 入库完成：新增 60 条，更新 0 条，跳过 94 条
2026-09-05 11:40:21 [INFO] __main__: Step 2 完成：新增 60，更新 0，跳过 94
2026-09-05 11:40:21 [INFO] __main__: ═══ 采集任务完成 ═══
2026-09-05 11:40:36 [INFO] __main__: ═══ 开始采集任务 2026-07-01 → 2026-07-31 ═══
2026-09-05 11:40:36 [INFO] crawler.spider: 开始抓取比赛数据 2026-07-01 → 2026-07-31
2026-09-05 11:40:36 [INFO] crawler.spider: 总页数: 7，第 1 页数据: 30 条
2026-09-05 11:40:36 [INFO] crawler.spider: 正在抓取第 2 / 7 页...
2026-09-05 11:40:38 [INFO] crawler.spider: 正在抓取第 3 / 7 页...
2026-09-05 11:40:39 [INFO] crawler.spider: 正在抓取第 4 / 7 页...
2026-09-05 11:40:41 [INFO] crawler.spider: 正在抓取第 5 / 7 页...
2026-09-05 11:40:43 [INFO] crawler.spider: 正在抓取第 6 / 7 页...
2026-09-05 11:40:44 [INFO] crawler.spider: 正在抓取第 7 / 7 页...
2026-09-05 11:40:46 [INFO] crawler.spider: 全部页抓取完成，共 196 条原始记录
2026-09-05 11:40:46 [INFO] crawler.spider: 全部解析成功，共 196 条
2026-09-05 11:40:46 [INFO] __main__: Step 1 完成：抓取 196 条记录
2026-09-05 11:40:46 [INFO] crawler.storage: ✅ 入库完成：新增 196 条，更新 0 条，跳过 0 条
2026-09-05 11:40:46 [INFO] __main__: Step 2 完成：新增 196，更新 0，跳过 0
2026-09-05 11:40:46 [INFO] __main__: ═══ 采集任务完成 ═══
2026-09-05 11:40:59 [INFO] __main__: ═══ 开始采集任务 2026-08-01 → 2026-08-31 ═══
2026-09-05 11:40:59 [INFO] crawler.spider: 开始抓取比赛数据 2026-08-01 → 2026-08-31
2026-09-05 11:41:00 [INFO] crawler.spider: 总页数: 14，第 1 页数据: 30 条
2026-09-05 11:41:00 [INFO] crawler.spider: 正在抓取第 2 / 14 页...
2026-09-05 11:41:01 [INFO] crawler.spider: 正在抓取第 3 / 14 页...
2026-09-05 11:41:03 [INFO] crawler.spider: 正在抓取第 4 / 14 页...
2026-09-05 11:41:05 [INFO] crawler.spider: 正在抓取第 5 / 14 页...
2026-09-05 11:41:07 [INFO] crawler.spider: 正在抓取第 6 / 14 页...
2026-09-05 11:41:08 [INFO] crawler.spider: 正在抓取第 7 / 14 页...
2026-09-05 11:41:10 [INFO] crawler.spider: 正在抓取第 8 / 14 页...
2026-09-05 11:41:12 [INFO] crawler.spider: 正在抓取第 9 / 14 页...
2026-09-05 11:41:13 [INFO] crawler.spider: 正在抓取第 10 / 14 页...
2026-09-05 11:41:15 [INFO] crawler.spider: 正在抓取第 11 / 14 页...
2026-09-05 11:41:17 [INFO] crawler.spider: 正在抓取第 12 / 14 页...
2026-09-05 11:41:18 [INFO] crawler.spider: 正在抓取第 13 / 14 页...
2026-09-05 11:41:20 [INFO] crawler.spider: 正在抓取第 14 / 14 页...
2026-09-05 11:41:22 [INFO] crawler.spider: 全部页抓取完成，共 409 条原始记录
2026-09-05 11:41:22 [INFO] crawler.spider: 全部解析成功，共 409 条
2026-09-05 11:41:22 [INFO] __main__: Step 1 完成：抓取 409 条记录
2026-09-05 11:41:22 [INFO] crawler.storage: ✅ 入库完成：新增 409 条，更新 0 条，跳过 0 条
2026-09-05 11:41:22 [INFO] __main__: Step 2 完成：新增 409，更新 0，跳过 0
2026-09-05 11:41:22 [INFO] __main__: ═══ 采集任务完成 ═══
2026-09-05 11:41:37 [INFO] __main__: ═══ 开始采集任务 2026-09-01 → 2026-09-05 ═══
2026-09-05 11:41:37 [INFO] crawler.spider: 开始抓取比赛数据 2026-09-01 → 2026-09-05
2026-09-05 11:41:37 [INFO] crawler.spider: 总页数: 2，第 1 页数据: 30 条
2026-09-05 11:41:37 [INFO] crawler.spider: 正在抓取第 2 / 2 页...
2026-09-05 11:41:39 [INFO] crawler.spider: 全部页抓取完成，共 56 条原始记录
2026-09-05 11:41:39 [INFO] crawler.spider: 全部解析成功，共 56 条
2026-09-05 11:41:39 [INFO] __main__: Step 1 完成：抓取 56 条记录
2026-09-05 11:41:39 [INFO] crawler.storage: ✅ 入库完成：新增 56 条，更新 0 条，跳过 0 条
2026-09-05 11:41:39 [INFO] __main__: Step 2 完成：新增 56，更新 0，跳过 0
2026-09-05 11:41:39 [INFO] __main__: ═══ 采集任务完成 ═══
